******************************************************************************
                  TI ARM Linker PC v18.12.4                    
******************************************************************************
>> Linked Mon Feb 15 17:54:15 2021

OUTPUT FILE NAME:   <TMS570_free_RTOS_ADC.out>
ENTRY POINT SYMBOL: "_c_int00"  address: 0000f0a8


MEMORY CONFIGURATION

         name            origin    length      used     unused   attr    fill
----------------------  --------  ---------  --------  --------  ----  --------
  VECTORS               00000000   00000020  00000020  00000000     X
  KERNEL                00000020   00008000  00005118  00002ee8  R  X
  FLASH0                00008020   00057fe0  000087a8  0004f838  R  X
  STACKS                08000000   00000800  00000000  00000800  RW  
  KRAM                  08000800   00000800  00000104  000006fc  RW  
  RAM                   08001000   00007000  00002164  00004e9c  RW  


SEGMENT ALLOCATION MAP

run origin  load origin   length   init length attrs members
----------  ----------- ---------- ----------- ----- -------
00000000    00000000    00005138   00005138    r-x
  00000000    00000000    00000020   00000020    r-x .intvecs
  00000020    00000020    000050c0   000050c0    r-x .kernelTEXT
  000050e0    000050e0    00000058   00000058    r-- .cinit
00008020    00008020    000087a8   000087a8    r-x
  00008020    00008020    00008610   00008610    r-x .text
  00010630    00010630    00000198   00000198    r-- .const
08000800    08000800    00000104   00000000    rw-
  08000800    08000800    00000104   00000000    rw- .kernelBSS
08001000    08001000    00002164   00000000    rw-
  08001000    08001000    00002000   00000000    rw- .kernelHEAP
  08003000    08003000    000000c8   00000000    rw- .bss
  080030c8    080030c8    0000009c   00000000    rw- .data


SECTION ALLOCATION MAP

 output                                  attributes/
section   page    origin      length       input sections
--------  ----  ----------  ----------   ----------------
.intvecs   0    00000000    00000020     
                  00000000    00000020     sys_intvecs.obj (.intvecs)

.kernelTEXT 
*          0    00000020    000050c0     
                  00000020    00002bdc     os_tasks.obj (.kernelTEXT)
                  00002bfc    000011dc     os_queue.obj (.kernelTEXT)
                  00003dd8    0000081c     os_event_groups.obj (.kernelTEXT)
                  000045f4    000003bc     os_port.obj (.kernelTEXT)
                  000049b0    000003b0     os_portasm.obj (.kernelTEXT)
                  00004d60    00000380     os_heap.obj (.kernelTEXT)

.cinit     0    000050e0    00000058     
                  000050e0    0000000d     (.cinit..data.load) [load image, compression = lzss]
                  000050ed    00000003     --HOLE-- [fill = 0]
                  000050f0    0000000c     (__TI_handler_table)
                  000050fc    00000009     (.cinit..kernelBSS.load) [load image, compression = lzss]
                  00005105    00000003     --HOLE-- [fill = 0]
                  00005108    00000008     (.cinit..bss.load) [load image, compression = zero_init]
                  00005110    00000008     (.cinit..kernelHEAP.load) [load image, compression = zero_init]
                  00005118    00000020     (__TI_cinit_table)

.text      0    00008020    00008610     
                  00008020    000024f0     sys_selftest.obj (.text)
                  0000a510    00000aa0     system.obj (.text)
                  0000afb0    00000a78     adc.obj (.text)
                  0000ba28    000009a0     os_mpu_wrappers.obj (.text)
                  0000c3c8    0000089c     sys_vim.obj (.text)
                  0000cc64    000006e4     sci.obj (.text)
                  0000d348    00000664     errata_SSWF021_45.obj (.text)
                  0000d9ac    000005bc     esm.obj (.text)
                  0000df68    000003ec     sys_main.obj (.text)
                  0000e354    0000036c     gio.obj (.text)
                  0000e6c0    000002d0     sys_core.obj (.text)
                  0000e990    00000278     os_heap.obj (.text)
                  0000ec08    00000268     sys_vim.obj (.text:retain)
                  0000ee70    00000238     os_list.obj (.text)
                  0000f0a8    0000021c     sys_startup.obj (.text:retain)
                  0000f2c4    00000214     rtsv7R4_A_be_eabi.lib : fd_add32.asm.obj (.text)
                  0000f4d8    000001d8     sci.obj (.text:retain)
                  0000f6b0    000001b4     os_port.obj (.text)
                  0000f864    00000190     rtsv7R4_A_be_eabi.lib : fd_div32.asm.obj (.text)
                  0000f9f4    00000180                           : memcpy32.asm.obj (.text)
                  0000fb74    00000164     os_tasks.obj (.text)
                  0000fcd8    00000158     rtsv7R4_A_be_eabi.lib : s_floor.c.obj (.text:floor)
                  0000fe30    00000150     pinmux.obj (.text)
                  0000ff80    000000ec     esm.obj (.text:retain)
                  0001006c    000000e8     dabort.obj (.text)
                  00010154    000000e0     rtsv7R4_A_be_eabi.lib : fd_cmp32.asm.obj (.text:__aeabi_cdrcmple)
                  00010234    000000e0     sys_pmu.obj (.text)
                  00010314    000000b0     rtsv7R4_A_be_eabi.lib : memset32.asm.obj (.text)
                  000103c4    00000094     notification.obj (.text)
                  00010458    00000090     rtsv7R4_A_be_eabi.lib : copy_decompress_lzss.c.obj (.text:decompress:lzss:__TI_decompress_lzss)
                  000104e8    00000068                           : autoinit.c.obj (.text:__TI_auto_init_nobinit_nopinit:__TI_auto_init_nobinit_nopinit)
                  00010550    00000058                           : fd_tou32.asm.obj (.text)
                  000105a8    00000034                           : u_tofd32.asm.obj (.text)
                  000105dc    00000020                           : strlen.c.obj (.text:strlen)
                  000105fc    00000014                           : copy_decompress_none.c.obj (.text:decompress:none:__TI_decompress_none)
                  00010610    00000010                           : copy_zero_init.c.obj (.text:decompress:ZI:__TI_zero_init)
                  00010620    00000008                           : exit.c.obj (.text:abort:abort)
                  00010628    00000004     sys_phantom.obj (.text:retain)
                  0001062c    00000004     sys_startup.obj (.text)

.const     0    00010630    00000198     
                  00010630    00000180     sys_vim.obj (.const:s_vim_init)
                  000107b0    0000000c     adc.obj (.const:s_adcFiFoSize)
                  000107bc    0000000c     adc.obj (.const:s_adcSelect)

.kernelBSS 
*          0    08000800    00000104     UNINITIALIZED
                  08000800    000000d0     os_tasks.obj (.kernelBSS:uninit)
                  080008d0    00000034     os_tasks.obj (.kernelBSS:init)

.kernelHEAP 
*          0    08001000    00002000     UNINITIALIZED
                  08001000    00002000     os_heap.obj (.kernelHEAP)

.bss       0    08003000    000000c8     UNINITIALIZED
                  08003000    000000a8     (.common:adc_data)
                  080030a8    00000014     sci.obj (.bss:g_sciTransfer_t)
                  080030bc    00000008     os_heap.obj (.bss:xStart)
                  080030c4    00000004     (.common:xTask1Handle)

.data      0    080030c8    0000009c     UNINITIALIZED
                  080030c8    00000084     sys_main.obj (.data)
                  0800314c    00000010     os_heap.obj (.data)
                  0800315c    00000008     os_port.obj (.data)

MODULE SUMMARY

       Module                       code    ro data   rw data
       ------                       ----    -------   -------
    .\source\
       os_tasks.obj                 11584   0         260    
       os_heap.obj                  1528    0         8216   
       sys_selftest.obj             9456    0         0      
       os_queue.obj                 4572    0         0      
       sys_vim.obj                  2820    384       0      
       system.obj                   2720    0         0      
       adc.obj                      2680    24        0      
       os_mpu_wrappers.obj          2464    0         0      
       sci.obj                      2236    0         20     
       os_event_groups.obj          2076    0         0      
       esm.obj                      1704    0         0      
       errata_SSWF021_45.obj        1636    0         0      
       os_port.obj                  1392    0         8      
       sys_main.obj                 1004    0         304    
       os_portasm.obj               944     0         0      
       gio.obj                      876     0         0      
       sys_core.obj                 720     0         0      
       os_list.obj                  568     0         0      
       sys_startup.obj              544     0         0      
       pinmux.obj                   336     0         0      
       dabort.obj                   232     0         0      
       sys_pmu.obj                  224     0         0      
       notification.obj             148     0         0      
       sys_intvecs.obj              32      0         0      
       sys_phantom.obj              4       0         0      
    +--+----------------------------+-------+---------+---------+
       Total:                       52500   408       8808   
                                                             
    C:\ti\ccs930\ccs\tools\compiler\ti-cgt-arm_18.12.4.LTS\lib\rtsv7R4_A_be_eabi.lib
       fd_add32.asm.obj             532     0         0      
       fd_div32.asm.obj             400     0         0      
       memcpy32.asm.obj             384     0         0      
       s_floor.c.obj                344     0         0      
       fd_cmp32.asm.obj             224     0         0      
       memset32.asm.obj             176     0         0      
       copy_decompress_lzss.c.obj   144     0         0      
       autoinit.c.obj               104     0         0      
       fd_tou32.asm.obj             88      0         0      
       u_tofd32.asm.obj             52      0         0      
       strlen.c.obj                 32      0         0      
       copy_decompress_none.c.obj   20      0         0      
       copy_zero_init.c.obj         16      0         0      
       exit.c.obj                   8       0         0      
    +--+----------------------------+-------+---------+---------+
       Total:                       2524    0         0      
                                                             
       Linker Generated:            0       82        0      
    +--+----------------------------+-------+---------+---------+
       Grand Total:                 55024   490       8808   


LINKER GENERATED COPY TABLES

__TI_cinit_table @ 00005118 records: 4, size/record: 8, table size: 32
	.data: load addr=000050e0, load size=0000000d bytes, run addr=080030c8, run size=0000009c bytes, compression=lzss
	.kernelBSS: load addr=000050fc, load size=00000009 bytes, run addr=08000800, run size=00000104 bytes, compression=lzss
	.bss: load addr=00005108, load size=00000008 bytes, run addr=08003000, run size=000000c8 bytes, compression=zero_init
	.kernelHEAP: load addr=00005110, load size=00000008 bytes, run addr=08001000, run size=00002000 bytes, compression=zero_init


LINKER GENERATED HANDLER TABLE

__TI_handler_table @ 000050f0 records: 3, size/record: 4, table size: 12
	index: 0, handler: __TI_decompress_lzss
	index: 1, handler: __TI_decompress_none
	index: 2, handler: __TI_zero_init


GLOBAL SYMBOLS: SORTED ALPHABETICALLY BY Name 

address   name                                  
-------   ----                                  
00010620  C$$EXIT                               
0000bbf8  MPU_eTaskGetState                     
0000bd60  MPU_pcTaskGetName                     
0000be40  MPU_pvTaskGetThreadLocalStoragePointer
0000bf58  MPU_ulTaskNotifyTake                  
0000c114  MPU_uxQueueMessagesWaiting            
0000c148  MPU_uxQueueSpacesAvailable            
0000bd34  MPU_uxTaskGetNumberOfTasks            
0000bdc8  MPU_uxTaskGetStackHighWaterMark       
0000bbc4  MPU_uxTaskPriorityGet                 
0000c39c  MPU_vEventGroupDelete                 
0000c17c  MPU_vQueueDelete                      
0000bad0  MPU_vTaskAllocateMPURegions           
0000bb30  MPU_vTaskDelay                        
0000bb5c  MPU_vTaskDelayUntil                   
0000bb04  MPU_vTaskDelete                       
0000bc2c  MPU_vTaskPrioritySet                  
0000bc8c  MPU_vTaskResume                       
0000bdfc  MPU_vTaskSetThreadLocalStoragePointer 
0000bfd0  MPU_vTaskSetTimeOutState              
0000bc60  MPU_vTaskSuspend                      
0000bcb8  MPU_vTaskSuspendAll                   
0000c2c0  MPU_xEventGroupClearBits              
0000c238  MPU_xEventGroupCreate                 
0000c304  MPU_xEventGroupSetBits                
0000c348  MPU_xEventGroupSync                   
0000c264  MPU_xEventGroupWaitBits               
0000c1a8  MPU_xQueueGenericCreate               
0000c0c0  MPU_xQueueGenericReceive              
0000c1f4  MPU_xQueueGenericReset                
0000c06c  MPU_xQueueGenericSend                 
0000bb90  MPU_xTaskAbortDelay                   
0000bffc  MPU_xTaskCheckForTimeOut              
0000ba28  MPU_xTaskCreate                       
0000ba8c  MPU_xTaskCreateRestricted             
0000beb0  MPU_xTaskGenericNotify                
0000bd94  MPU_xTaskGetHandle                    
0000be84  MPU_xTaskGetIdleTaskHandle            
0000c040  MPU_xTaskGetSchedulerState            
0000bd08  MPU_xTaskGetTickCount                 
0000bf9c  MPU_xTaskNotifyStateClear             
0000bf04  MPU_xTaskNotifyWait                   
0000bcdc  MPU_xTaskResumeAll                    
UNDEFED   SHT$$INIT_ARRAY$$Base                 
UNDEFED   SHT$$INIT_ARRAY$$Limit                
00005118  __TI_CINIT_Base                       
00005138  __TI_CINIT_Limit                      
000050f0  __TI_Handler_Table_Base               
000050fc  __TI_Handler_Table_Limit              
0000e988  __TI_PINIT_Base                       
0000e98c  __TI_PINIT_Limit                      
000104e8  __TI_auto_init_nobinit_nopinit        
00010458  __TI_decompress_lzss                  
000105fc  __TI_decompress_none                  
ffffffff  __TI_pprof_out_hndl                   
ffffffff  __TI_prof_data_size                   
ffffffff  __TI_prof_data_start                  
00000000  __TI_static_base__                    
00010610  __TI_zero_init                        
00010154  __aeabi_cdrcmple                      
00010550  __aeabi_d2uiz                         
0000f2d0  __aeabi_dadd                          
0000f864  __aeabi_ddiv                          
0000f2c4  __aeabi_dsub                          
00010314  __aeabi_memclr                        
00010314  __aeabi_memclr4                       
00010314  __aeabi_memclr8                       
0000f9f4  __aeabi_memcpy                        
0000f9f4  __aeabi_memcpy4                       
0000f9f4  __aeabi_memcpy8                       
00010318  __aeabi_memset                        
00010318  __aeabi_memset4                       
00010318  __aeabi_memset8                       
000105a8  __aeabi_ui2d                          
ffffffff  __binit__                             
ffffffff  __c_args__                            
0000f0a8  _c_int00                              
0000e8b0  _coreClearAuxiliaryDataFault_         
0000e8c4  _coreClearAuxiliaryInstructionFault_  
0000e888  _coreClearDataFaultAddress_           
0000e860  _coreClearDataFault_                  
0000e89c  _coreClearInstructionFaultAddress_    
0000e874  _coreClearInstructionFault_           
0000e7f4  _coreDisableEventBusExport_           
0000e838  _coreDisableFlashEcc_                 
0000e814  _coreDisableRamEcc_                   
0000e7e4  _coreEnableEventBusExport_            
0000e824  _coreEnableFlashEcc_                  
0000e848  _coreEnableIrqVicOffset_              
0000e804  _coreEnableRamEcc_                    
0000e8a8  _coreGetAuxiliaryDataFault_           
0000e8bc  _coreGetAuxiliaryInstructionFault_    
0000e880  _coreGetDataFaultAddress_             
0000e858  _coreGetDataFault_                    
0000e894  _coreGetInstructionFaultAddress_      
0000e86c  _coreGetInstructionFault_             
0000e6c0  _coreInitRegisters_                   
0000e778  _coreInitStackPointer_                
0001006c  _dabort                               
0000e8d8  _disable_FIQ_interrupt_               
0000e8e0  _disable_IRQ_interrupt_               
0000e8d0  _disable_interrupt_                   
0000e8e8  _enable_interrupt_                    
0000e978  _errata_CORTEXR4_66_                  
0000d348  _errata_SSWF021_45_both_plls          
0000d53c  _errata_SSWF021_45_pll1               
0000d6b4  _errata_SSWF021_45_pll2               
0000e8f0  _esmCcmErrorsClear_                   
0000e7c4  _getCPSRValue_                        
0000e7cc  _gotoCPUIdle_                         
00010290  _pmuDisableCountersGlobal_            
00010280  _pmuEnableCountersGlobal_             
000102ec  _pmuGetCycleCount_                    
000102f4  _pmuGetEventCount_                    
00010300  _pmuGetOverflow_                      
00010234  _pmuInit_                             
000102c0  _pmuResetCounters_                    
000102a0  _pmuResetCycleCounter_                
000102b0  _pmuResetEventCounters_               
000102e0  _pmuSetCountEvent_                    
000102d0  _pmuStartCounters_                    
000102d8  _pmuStopCounters_                     
UNDEFED   _system_post_cinit                    
00010620  abort                                 
0000b7b8  adc1GetConfigValue                    
00009004  adc1ParityCheck                       
0000b394  adcCalibration                        
0000b758  adcDisableNotification                
0000b708  adcEnableNotification                 
0000b1a8  adcGetData                            
0000b7a0  adcGetEVTPin                          
0000afb0  adcInit                               
0000b364  adcIsConversionComplete               
0000b334  adcIsFifoFull                         
0000b56c  adcMidPointCalibration                
0001041c  adcNotification                       
0000b180  adcResetFiFo                          
0000b780  adcSetEVTPin                          
0000b10c  adcStartConversion                    
0000b158  adcStopConversion                     
08003000  adc_data                              
ffffffff  binit                                 
000090bc  can1ParityCheck                       
00009198  can2ParityCheck                       
00008030  ccmSelfCheck                          
0000a034  ccmr4GetConfigValue                   
080030c8  ch_count                              
00008938  checkB0RAMECC                         
00008b28  checkB1RAMECC                         
00009604  checkClockMonitor                     
00008d18  checkFlashECC                         
000096d8  checkFlashEEPROMECC                   
00009880  checkPLL1Slip                         
0000999c  checkRAMAddrParity                    
000093bc  checkRAMECC                           
00009aa4  checkRAMUERRTest                      
000087bc  checkefcSelfTest                      
00008234  cpuSelfTest                           
00008dfc  cpuSelfTestFail                       
0000aef0  customTrimLPO                         
00008df4  custom_dabort                         
0000a424  disableParity                         
00001f18  eTaskConfirmSleepModeStatus           
00000890  eTaskGetState                         
00008660  efcCheck                              
00009f98  efcGetConfigValue                     
00008794  efcSelfTest                           
000086e8  efcStuckZeroTest                      
0000a3d0  enableParity                          
0000a0b0  errata_PBIST_4                        
0000db30  esmActivateNormalOperation            
0000dc04  esmClearStatus                        
0000dc44  esmClearStatusBuffer                  
0000daf8  esmDisableError                       
0000db68  esmDisableInterrupt                   
0000dad0  esmEnableError                        
0000db40  esmEnableInterrupt                    
0000dd3c  esmEnterSelfTest                      
0000dab4  esmError                              
0000de14  esmGetConfigValue                     
0000dc80  esmGetStatus                          
0000dd04  esmGetStatusBuffer                    
000103c4  esmGroup1Notification                 
000103d4  esmGroup2Notification                 
0000ff80  esmHighInterrupt                      
0000d9ac  esmInit                               
0000ddc4  esmSelfTestStatus                     
0000dc60  esmSetCounterPreloadValue             
0000db90  esmSetInterruptLevel                  
0000db20  esmTriggerErrorPinReset               
0000fcd8  floor                                 
0000fcd8  floorl                                
00009c00  fmcBus1ParityCheck                    
0000885c  fmcBus2Check                          
00008898  fmcECCcheck                           
0000e54c  gioDisableNotification                
0000e510  gioEnableNotification                 
0000e478  gioGetBit                             
0000e588  gioGetConfigValue                     
0000e4a0  gioGetPort                            
0000e354  gioInit                               
00010430  gioNotification                       
0000e408  gioSetBit                             
0000e3e8  gioSetDirection                       
0000e458  gioSetPort                            
0000e4b8  gioToggleBit                          
0001062c  handlePLLLockFail                     
00008eac  het1ParityCheck                       
00008f4c  htu1ParityCheck                       
080030cc  id_ADC_0                              
080030d0  id_ADC_1                              
080030f4  id_ADC_10                             
080030f8  id_ADC_11                             
080030fc  id_ADC_16                             
08003100  id_ADC_17                             
080030d4  id_ADC_2                              
08003104  id_ADC_20                             
08003108  id_ADC_21                             
080030d8  id_ADC_3                              
080030dc  id_ADC_4                              
080030e0  id_ADC_5                              
080030e4  id_ADC_6                              
080030e8  id_ADC_7                              
080030ec  id_ADC_8                              
080030f0  id_ADC_9                              
0000f4d8  linHighLevelInterrupt                 
0000e088  main                                  
0000a668  mapClocks                             
0000f9f4  memcpy                                
00008174  memoryInit                            
000103e4  memoryPort0TestFailNotification       
00010400  memoryPort1TestFailNotification       
00010324  memset                                
00009260  mibspi1ParityCheck                    
0000fe30  muxInit                               
00009d2c  pbistFail                             
00009db0  pbistGetConfigValue                   
000085a8  pbistIsTestCompleted                  
000085d4  pbistIsTestPassed                     
00008608  pbistPortTestStatus                   
000084ac  pbistRun                              
000082cc  pbistSelfCheck                        
00008578  pbistStop                             
00001354  pcTaskGetName                         
0000a614  periphInit                            
00010628  phantomInterrupt                      
0000feb8  pinmuxGetConfigValue                  
00004d38  prvMpuDisable                         
00004d20  prvMpuEnable                          
00004d08  prvMpuSetRegion                       
00004d60  pvPortMalloc                          
00001ff8  pvTaskGetThreadLocalStoragePointer    
080008d0  pxCurrentTCB                          
000045f4  pxPortInitialiseStack                 
00000000  resetEntry                            
0000d0b0  sciDisableLoopback                    
0000d108  sciDisableNotification                
0000e0fc  sciDisplayData                        
0000e25c  sciDisplayText                        
0000d07c  sciEnableLoopback                     
0000d0cc  sciEnableNotification                 
0000d144  sciEnterResetState                    
0000d164  sciExitResetState                     
0000cc64  sciInit                               
0000cf64  sciIsIdleDetected                     
0000cf48  sciIsRxReady                          
0000ce28  sciIsTxReady                          
00010444  sciNotification                       
0000cfdc  sciReceive                            
0000cfb0  sciReceiveByte                        
0000cf80  sciRxError                            
0000ce74  sciSend                               
0000ce44  sciSendByte                           
0000cd70  sciSetBaudrate                        
0000cd50  sciSetFunctional                      
0000d19c  scilinGetConfigValue                  
00008020  selftestFailNotification              
0000a5d4  setupFlash                            
0000a510  setupPLL                              
0000adb4  sramGetConfigValue                    
00009ef8  stcGetConfigValue                     
000081b8  stcSelfCheck                          
00008df8  stcSelfCheckFail                      
000105dc  strlen                                
0000a848  systemGetConfigValue                  
0000a74c  systemInit                            
0000a818  systemPowerDown                       
0000ac08  tcmflashGetConfigValue                
0000a560  trimLPO                               
0800315c  ulCriticalNesting                     
00004c44  ulPortCountLeadingZeros               
08003160  ulTaskHasFPUContext                   
00002390  ulTaskNotifyTake                      
0000f01c  uxListRemove                          
00003910  uxQueueMessagesWaiting                
00003994  uxQueueMessagesWaitingFromISR         
00003948  uxQueueSpacesAvailable                
00001348  uxTaskGetNumberOfTasks                
0000223c  uxTaskGetStackHighWaterMark           
00000994  uxTaskPriorityGet                     
000009d8  uxTaskPriorityGetFromISR              
00002354  uxTaskResetEventItemValue             
0000456c  vEventGroupClearBitsCallback          
000044cc  vEventGroupDelete                     
00004550  vEventGroupSetBitsCallback            
0000ee70  vListInitialise                       
0000eec8  vListInitialiseItem                   
0000ef58  vListInsert                           
0000eee4  vListInsertEnd                        
0000497c  vPortEndScheduler                     
00004fb8  vPortFree                             
000050c8  vPortInitialiseBlocks                 
00004b84  vPortPreemptiveTick                   
00004c4c  vPortSWI                              
000049b4  vPortStartFirstTask                   
000046e4  vPortStoreTaskMPUSettings             
00004ad0  vPortYeildWithinAPI                   
00004a24  vPortYieldProcessor                   
000039c4  vQueueDelete                          
0000df68  vTask1                                
00002064  vTaskAllocateMPURegions               
0000080c  vTaskDelay                            
000006a0  vTaskDelayUntil                       
00000538  vTaskDelete                           
00001084  vTaskEndScheduler                     
00001f08  vTaskMissedYield                      
00002954  vTaskNotifyGiveFromISR                
00001ad0  vTaskPlaceOnEventList                 
00001b14  vTaskPlaceOnUnorderedEventList        
00000a20  vTaskPrioritySet                      
00000e20  vTaskResume                           
00001f94  vTaskSetThreadLocalStoragePointer     
00001d90  vTaskSetTimeOutState                  
00000fec  vTaskStartScheduler                   
0000166c  vTaskStepTick                         
00000c18  vTaskSuspend                          
000010a0  vTaskSuspendAll                       
000019f0  vTaskSwitchContext                    
0800310c  value_ADC_0                           
08003110  value_ADC_1                           
08003134  value_ADC_10                          
08003138  value_ADC_11                          
0800313c  value_ADC_16                          
08003140  value_ADC_17                          
08003114  value_ADC_2                           
08003144  value_ADC_20                          
08003148  value_ADC_21                          
08003118  value_ADC_3                           
0800311c  value_ADC_4                           
08003120  value_ADC_5                           
08003124  value_ADC_6                           
08003128  value_ADC_7                           
0800312c  value_ADC_8                           
08003130  value_ADC_9                           
0000c49c  vimChannelMap                         
0000c698  vimDisableInterrupt                   
0000c540  vimEnableInterrupt                    
0000c71c  vimGetConfigValue                     
0000c3c8  vimInit                               
00008e00  vimParityCheck                        
0000ec08  vimParityErrorHandler                 
0000e2bc  wait                                  
00004268  xEventGroupClearBits                  
00003dd8  xEventGroupCreate                     
000042ec  xEventGroupGetBitsFromISR             
0000431c  xEventGroupSetBits                    
00003e14  xEventGroupSync                       
00004014  xEventGroupWaitBits                   
000050b0  xPortGetFreeHeapSize                  
000050bc  xPortGetMinimumEverFreeHeapSize       
00004958  xPortStartScheduler                   
00002d24  xQueueGenericCreate                   
000033fc  xQueueGenericReceive                  
00002bfc  xQueueGenericReset                    
00002e40  xQueueGenericSend                     
00003100  xQueueGenericSendFromISR              
00003290  xQueueGiveFromISR                     
00003cfc  xQueueIsQueueEmptyFromISR             
00003d88  xQueueIsQueueFullFromISR              
0000381c  xQueuePeekFromISR                     
000036d4  xQueueReceiveFromISR                  
080030c4  xTask1Handle                          
000016c8  xTaskAbortDelay                       
00001dd0  xTaskCheckForTimeOut                  
000000fc  xTaskCreate                           
00000020  xTaskCreateRestricted                 
00002580  xTaskGenericNotify                    
00002754  xTaskGenericNotifyFromISR             
0000152c  xTaskGetHandle                        
00001634  xTaskGetIdleTaskHandle                
00002304  xTaskGetSchedulerState                
00001308  xTaskGetTickCount                     
00001324  xTaskGetTickCountFromISR              
000017c8  xTaskIncrementTick                    
0000fc5c  xTaskNotifyStateClear                 
00002468  xTaskNotifyWait                       
00001b98  xTaskRemoveFromEventList              
00001c88  xTaskRemoveFromUnorderedEventList     
00001158  xTaskResumeAll                        
00000f04  xTaskResumeFromISR                    


GLOBAL SYMBOLS: SORTED BY Symbol Address 

address   name                                  
-------   ----                                  
00000000  __TI_static_base__                    
00000000  resetEntry                            
00000020  xTaskCreateRestricted                 
000000fc  xTaskCreate                           
00000538  vTaskDelete                           
000006a0  vTaskDelayUntil                       
0000080c  vTaskDelay                            
00000890  eTaskGetState                         
00000994  uxTaskPriorityGet                     
000009d8  uxTaskPriorityGetFromISR              
00000a20  vTaskPrioritySet                      
00000c18  vTaskSuspend                          
00000e20  vTaskResume                           
00000f04  xTaskResumeFromISR                    
00000fec  vTaskStartScheduler                   
00001084  vTaskEndScheduler                     
000010a0  vTaskSuspendAll                       
00001158  xTaskResumeAll                        
00001308  xTaskGetTickCount                     
00001324  xTaskGetTickCountFromISR              
00001348  uxTaskGetNumberOfTasks                
00001354  pcTaskGetName                         
0000152c  xTaskGetHandle                        
00001634  xTaskGetIdleTaskHandle                
0000166c  vTaskStepTick                         
000016c8  xTaskAbortDelay                       
000017c8  xTaskIncrementTick                    
000019f0  vTaskSwitchContext                    
00001ad0  vTaskPlaceOnEventList                 
00001b14  vTaskPlaceOnUnorderedEventList        
00001b98  xTaskRemoveFromEventList              
00001c88  xTaskRemoveFromUnorderedEventList     
00001d90  vTaskSetTimeOutState                  
00001dd0  xTaskCheckForTimeOut                  
00001f08  vTaskMissedYield                      
00001f18  eTaskConfirmSleepModeStatus           
00001f94  vTaskSetThreadLocalStoragePointer     
00001ff8  pvTaskGetThreadLocalStoragePointer    
00002064  vTaskAllocateMPURegions               
0000223c  uxTaskGetStackHighWaterMark           
00002304  xTaskGetSchedulerState                
00002354  uxTaskResetEventItemValue             
00002390  ulTaskNotifyTake                      
00002468  xTaskNotifyWait                       
00002580  xTaskGenericNotify                    
00002754  xTaskGenericNotifyFromISR             
00002954  vTaskNotifyGiveFromISR                
00002bfc  xQueueGenericReset                    
00002d24  xQueueGenericCreate                   
00002e40  xQueueGenericSend                     
00003100  xQueueGenericSendFromISR              
00003290  xQueueGiveFromISR                     
000033fc  xQueueGenericReceive                  
000036d4  xQueueReceiveFromISR                  
0000381c  xQueuePeekFromISR                     
00003910  uxQueueMessagesWaiting                
00003948  uxQueueSpacesAvailable                
00003994  uxQueueMessagesWaitingFromISR         
000039c4  vQueueDelete                          
00003cfc  xQueueIsQueueEmptyFromISR             
00003d88  xQueueIsQueueFullFromISR              
00003dd8  xEventGroupCreate                     
00003e14  xEventGroupSync                       
00004014  xEventGroupWaitBits                   
00004268  xEventGroupClearBits                  
000042ec  xEventGroupGetBitsFromISR             
0000431c  xEventGroupSetBits                    
000044cc  vEventGroupDelete                     
00004550  vEventGroupSetBitsCallback            
0000456c  vEventGroupClearBitsCallback          
000045f4  pxPortInitialiseStack                 
000046e4  vPortStoreTaskMPUSettings             
00004958  xPortStartScheduler                   
0000497c  vPortEndScheduler                     
000049b4  vPortStartFirstTask                   
00004a24  vPortYieldProcessor                   
00004ad0  vPortYeildWithinAPI                   
00004b84  vPortPreemptiveTick                   
00004c44  ulPortCountLeadingZeros               
00004c4c  vPortSWI                              
00004d08  prvMpuSetRegion                       
00004d20  prvMpuEnable                          
00004d38  prvMpuDisable                         
00004d60  pvPortMalloc                          
00004fb8  vPortFree                             
000050b0  xPortGetFreeHeapSize                  
000050bc  xPortGetMinimumEverFreeHeapSize       
000050c8  vPortInitialiseBlocks                 
000050f0  __TI_Handler_Table_Base               
000050fc  __TI_Handler_Table_Limit              
00005118  __TI_CINIT_Base                       
00005138  __TI_CINIT_Limit                      
00008020  selftestFailNotification              
00008030  ccmSelfCheck                          
00008174  memoryInit                            
000081b8  stcSelfCheck                          
00008234  cpuSelfTest                           
000082cc  pbistSelfCheck                        
000084ac  pbistRun                              
00008578  pbistStop                             
000085a8  pbistIsTestCompleted                  
000085d4  pbistIsTestPassed                     
00008608  pbistPortTestStatus                   
00008660  efcCheck                              
000086e8  efcStuckZeroTest                      
00008794  efcSelfTest                           
000087bc  checkefcSelfTest                      
0000885c  fmcBus2Check                          
00008898  fmcECCcheck                           
00008938  checkB0RAMECC                         
00008b28  checkB1RAMECC                         
00008d18  checkFlashECC                         
00008df4  custom_dabort                         
00008df8  stcSelfCheckFail                      
00008dfc  cpuSelfTestFail                       
00008e00  vimParityCheck                        
00008eac  het1ParityCheck                       
00008f4c  htu1ParityCheck                       
00009004  adc1ParityCheck                       
000090bc  can1ParityCheck                       
00009198  can2ParityCheck                       
00009260  mibspi1ParityCheck                    
000093bc  checkRAMECC                           
00009604  checkClockMonitor                     
000096d8  checkFlashEEPROMECC                   
00009880  checkPLL1Slip                         
0000999c  checkRAMAddrParity                    
00009aa4  checkRAMUERRTest                      
00009c00  fmcBus1ParityCheck                    
00009d2c  pbistFail                             
00009db0  pbistGetConfigValue                   
00009ef8  stcGetConfigValue                     
00009f98  efcGetConfigValue                     
0000a034  ccmr4GetConfigValue                   
0000a0b0  errata_PBIST_4                        
0000a3d0  enableParity                          
0000a424  disableParity                         
0000a510  setupPLL                              
0000a560  trimLPO                               
0000a5d4  setupFlash                            
0000a614  periphInit                            
0000a668  mapClocks                             
0000a74c  systemInit                            
0000a818  systemPowerDown                       
0000a848  systemGetConfigValue                  
0000ac08  tcmflashGetConfigValue                
0000adb4  sramGetConfigValue                    
0000aef0  customTrimLPO                         
0000afb0  adcInit                               
0000b10c  adcStartConversion                    
0000b158  adcStopConversion                     
0000b180  adcResetFiFo                          
0000b1a8  adcGetData                            
0000b334  adcIsFifoFull                         
0000b364  adcIsConversionComplete               
0000b394  adcCalibration                        
0000b56c  adcMidPointCalibration                
0000b708  adcEnableNotification                 
0000b758  adcDisableNotification                
0000b780  adcSetEVTPin                          
0000b7a0  adcGetEVTPin                          
0000b7b8  adc1GetConfigValue                    
0000ba28  MPU_xTaskCreate                       
0000ba8c  MPU_xTaskCreateRestricted             
0000bad0  MPU_vTaskAllocateMPURegions           
0000bb04  MPU_vTaskDelete                       
0000bb30  MPU_vTaskDelay                        
0000bb5c  MPU_vTaskDelayUntil                   
0000bb90  MPU_xTaskAbortDelay                   
0000bbc4  MPU_uxTaskPriorityGet                 
0000bbf8  MPU_eTaskGetState                     
0000bc2c  MPU_vTaskPrioritySet                  
0000bc60  MPU_vTaskSuspend                      
0000bc8c  MPU_vTaskResume                       
0000bcb8  MPU_vTaskSuspendAll                   
0000bcdc  MPU_xTaskResumeAll                    
0000bd08  MPU_xTaskGetTickCount                 
0000bd34  MPU_uxTaskGetNumberOfTasks            
0000bd60  MPU_pcTaskGetName                     
0000bd94  MPU_xTaskGetHandle                    
0000bdc8  MPU_uxTaskGetStackHighWaterMark       
0000bdfc  MPU_vTaskSetThreadLocalStoragePointer 
0000be40  MPU_pvTaskGetThreadLocalStoragePointer
0000be84  MPU_xTaskGetIdleTaskHandle            
0000beb0  MPU_xTaskGenericNotify                
0000bf04  MPU_xTaskNotifyWait                   
0000bf58  MPU_ulTaskNotifyTake                  
0000bf9c  MPU_xTaskNotifyStateClear             
0000bfd0  MPU_vTaskSetTimeOutState              
0000bffc  MPU_xTaskCheckForTimeOut              
0000c040  MPU_xTaskGetSchedulerState            
0000c06c  MPU_xQueueGenericSend                 
0000c0c0  MPU_xQueueGenericReceive              
0000c114  MPU_uxQueueMessagesWaiting            
0000c148  MPU_uxQueueSpacesAvailable            
0000c17c  MPU_vQueueDelete                      
0000c1a8  MPU_xQueueGenericCreate               
0000c1f4  MPU_xQueueGenericReset                
0000c238  MPU_xEventGroupCreate                 
0000c264  MPU_xEventGroupWaitBits               
0000c2c0  MPU_xEventGroupClearBits              
0000c304  MPU_xEventGroupSetBits                
0000c348  MPU_xEventGroupSync                   
0000c39c  MPU_vEventGroupDelete                 
0000c3c8  vimInit                               
0000c49c  vimChannelMap                         
0000c540  vimEnableInterrupt                    
0000c698  vimDisableInterrupt                   
0000c71c  vimGetConfigValue                     
0000cc64  sciInit                               
0000cd50  sciSetFunctional                      
0000cd70  sciSetBaudrate                        
0000ce28  sciIsTxReady                          
0000ce44  sciSendByte                           
0000ce74  sciSend                               
0000cf48  sciIsRxReady                          
0000cf64  sciIsIdleDetected                     
0000cf80  sciRxError                            
0000cfb0  sciReceiveByte                        
0000cfdc  sciReceive                            
0000d07c  sciEnableLoopback                     
0000d0b0  sciDisableLoopback                    
0000d0cc  sciEnableNotification                 
0000d108  sciDisableNotification                
0000d144  sciEnterResetState                    
0000d164  sciExitResetState                     
0000d19c  scilinGetConfigValue                  
0000d348  _errata_SSWF021_45_both_plls          
0000d53c  _errata_SSWF021_45_pll1               
0000d6b4  _errata_SSWF021_45_pll2               
0000d9ac  esmInit                               
0000dab4  esmError                              
0000dad0  esmEnableError                        
0000daf8  esmDisableError                       
0000db20  esmTriggerErrorPinReset               
0000db30  esmActivateNormalOperation            
0000db40  esmEnableInterrupt                    
0000db68  esmDisableInterrupt                   
0000db90  esmSetInterruptLevel                  
0000dc04  esmClearStatus                        
0000dc44  esmClearStatusBuffer                  
0000dc60  esmSetCounterPreloadValue             
0000dc80  esmGetStatus                          
0000dd04  esmGetStatusBuffer                    
0000dd3c  esmEnterSelfTest                      
0000ddc4  esmSelfTestStatus                     
0000de14  esmGetConfigValue                     
0000df68  vTask1                                
0000e088  main                                  
0000e0fc  sciDisplayData                        
0000e25c  sciDisplayText                        
0000e2bc  wait                                  
0000e354  gioInit                               
0000e3e8  gioSetDirection                       
0000e408  gioSetBit                             
0000e458  gioSetPort                            
0000e478  gioGetBit                             
0000e4a0  gioGetPort                            
0000e4b8  gioToggleBit                          
0000e510  gioEnableNotification                 
0000e54c  gioDisableNotification                
0000e588  gioGetConfigValue                     
0000e6c0  _coreInitRegisters_                   
0000e778  _coreInitStackPointer_                
0000e7c4  _getCPSRValue_                        
0000e7cc  _gotoCPUIdle_                         
0000e7e4  _coreEnableEventBusExport_            
0000e7f4  _coreDisableEventBusExport_           
0000e804  _coreEnableRamEcc_                    
0000e814  _coreDisableRamEcc_                   
0000e824  _coreEnableFlashEcc_                  
0000e838  _coreDisableFlashEcc_                 
0000e848  _coreEnableIrqVicOffset_              
0000e858  _coreGetDataFault_                    
0000e860  _coreClearDataFault_                  
0000e86c  _coreGetInstructionFault_             
0000e874  _coreClearInstructionFault_           
0000e880  _coreGetDataFaultAddress_             
0000e888  _coreClearDataFaultAddress_           
0000e894  _coreGetInstructionFaultAddress_      
0000e89c  _coreClearInstructionFaultAddress_    
0000e8a8  _coreGetAuxiliaryDataFault_           
0000e8b0  _coreClearAuxiliaryDataFault_         
0000e8bc  _coreGetAuxiliaryInstructionFault_    
0000e8c4  _coreClearAuxiliaryInstructionFault_  
0000e8d0  _disable_interrupt_                   
0000e8d8  _disable_FIQ_interrupt_               
0000e8e0  _disable_IRQ_interrupt_               
0000e8e8  _enable_interrupt_                    
0000e8f0  _esmCcmErrorsClear_                   
0000e978  _errata_CORTEXR4_66_                  
0000e988  __TI_PINIT_Base                       
0000e98c  __TI_PINIT_Limit                      
0000ec08  vimParityErrorHandler                 
0000ee70  vListInitialise                       
0000eec8  vListInitialiseItem                   
0000eee4  vListInsertEnd                        
0000ef58  vListInsert                           
0000f01c  uxListRemove                          
0000f0a8  _c_int00                              
0000f2c4  __aeabi_dsub                          
0000f2d0  __aeabi_dadd                          
0000f4d8  linHighLevelInterrupt                 
0000f864  __aeabi_ddiv                          
0000f9f4  __aeabi_memcpy                        
0000f9f4  __aeabi_memcpy4                       
0000f9f4  __aeabi_memcpy8                       
0000f9f4  memcpy                                
0000fc5c  xTaskNotifyStateClear                 
0000fcd8  floor                                 
0000fcd8  floorl                                
0000fe30  muxInit                               
0000feb8  pinmuxGetConfigValue                  
0000ff80  esmHighInterrupt                      
0001006c  _dabort                               
00010154  __aeabi_cdrcmple                      
00010234  _pmuInit_                             
00010280  _pmuEnableCountersGlobal_             
00010290  _pmuDisableCountersGlobal_            
000102a0  _pmuResetCycleCounter_                
000102b0  _pmuResetEventCounters_               
000102c0  _pmuResetCounters_                    
000102d0  _pmuStartCounters_                    
000102d8  _pmuStopCounters_                     
000102e0  _pmuSetCountEvent_                    
000102ec  _pmuGetCycleCount_                    
000102f4  _pmuGetEventCount_                    
00010300  _pmuGetOverflow_                      
00010314  __aeabi_memclr                        
00010314  __aeabi_memclr4                       
00010314  __aeabi_memclr8                       
00010318  __aeabi_memset                        
00010318  __aeabi_memset4                       
00010318  __aeabi_memset8                       
00010324  memset                                
000103c4  esmGroup1Notification                 
000103d4  esmGroup2Notification                 
000103e4  memoryPort0TestFailNotification       
00010400  memoryPort1TestFailNotification       
0001041c  adcNotification                       
00010430  gioNotification                       
00010444  sciNotification                       
00010458  __TI_decompress_lzss                  
000104e8  __TI_auto_init_nobinit_nopinit        
00010550  __aeabi_d2uiz                         
000105a8  __aeabi_ui2d                          
000105dc  strlen                                
000105fc  __TI_decompress_none                  
00010610  __TI_zero_init                        
00010620  C$$EXIT                               
00010620  abort                                 
00010628  phantomInterrupt                      
0001062c  handlePLLLockFail                     
080008d0  pxCurrentTCB                          
08003000  adc_data                              
080030c4  xTask1Handle                          
080030c8  ch_count                              
080030cc  id_ADC_0                              
080030d0  id_ADC_1                              
080030d4  id_ADC_2                              
080030d8  id_ADC_3                              
080030dc  id_ADC_4                              
080030e0  id_ADC_5                              
080030e4  id_ADC_6                              
080030e8  id_ADC_7                              
080030ec  id_ADC_8                              
080030f0  id_ADC_9                              
080030f4  id_ADC_10                             
080030f8  id_ADC_11                             
080030fc  id_ADC_16                             
08003100  id_ADC_17                             
08003104  id_ADC_20                             
08003108  id_ADC_21                             
0800310c  value_ADC_0                           
08003110  value_ADC_1                           
08003114  value_ADC_2                           
08003118  value_ADC_3                           
0800311c  value_ADC_4                           
08003120  value_ADC_5                           
08003124  value_ADC_6                           
08003128  value_ADC_7                           
0800312c  value_ADC_8                           
08003130  value_ADC_9                           
08003134  value_ADC_10                          
08003138  value_ADC_11                          
0800313c  value_ADC_16                          
08003140  value_ADC_17                          
08003144  value_ADC_20                          
08003148  value_ADC_21                          
0800315c  ulCriticalNesting                     
08003160  ulTaskHasFPUContext                   
ffffffff  __TI_pprof_out_hndl                   
ffffffff  __TI_prof_data_size                   
ffffffff  __TI_prof_data_start                  
ffffffff  __binit__                             
ffffffff  __c_args__                            
ffffffff  binit                                 
UNDEFED   SHT$$INIT_ARRAY$$Base                 
UNDEFED   SHT$$INIT_ARRAY$$Limit                
UNDEFED   _system_post_cinit                    

[400 symbols]
